Archive member included to satisfy reference by file (symbol)

C:\dev\bipDev\arm\gcc\arm-none-eabi\lib\thumb\v7e-m+fp\hard\libc.a(lib_a-itoa.o)
                              app.o (itoa)
C:\dev\bipDev\arm\gcc\arm-none-eabi\lib\thumb\v7e-m+fp\hard\libc.a(lib_a-utoa.o)
                              C:\dev\bipDev\arm\gcc\arm-none-eabi\lib\thumb\v7e-m+fp\hard\libc.a(lib_a-itoa.o) (__utoa)
..\libbip\libbip.a(import.o)  (_start)

Discarded input sections

 .text          0x00000000        0x0 app.o
 .data          0x00000000        0x0 app.o
 .bss           0x00000000        0x0 app.o
 .text          0x00000000        0x0 biptask.o
 .data          0x00000000        0x0 biptask.o
 .bss           0x00000000        0x0 biptask.o
 .text.biptask_send_byte
                0x00000000       0x5a biptask.o
 .text          0x00000000        0x0 C:\dev\bipDev\arm\gcc\arm-none-eabi\lib\thumb\v7e-m+fp\hard\libc.a(lib_a-itoa.o)
 .data          0x00000000        0x0 C:\dev\bipDev\arm\gcc\arm-none-eabi\lib\thumb\v7e-m+fp\hard\libc.a(lib_a-itoa.o)
 .bss           0x00000000        0x0 C:\dev\bipDev\arm\gcc\arm-none-eabi\lib\thumb\v7e-m+fp\hard\libc.a(lib_a-itoa.o)
 .text          0x00000000        0x0 C:\dev\bipDev\arm\gcc\arm-none-eabi\lib\thumb\v7e-m+fp\hard\libc.a(lib_a-utoa.o)
 .data          0x00000000        0x0 C:\dev\bipDev\arm\gcc\arm-none-eabi\lib\thumb\v7e-m+fp\hard\libc.a(lib_a-utoa.o)
 .bss           0x00000000        0x0 C:\dev\bipDev\arm\gcc\arm-none-eabi\lib\thumb\v7e-m+fp\hard\libc.a(lib_a-utoa.o)
 .text.utoa     0x00000000        0x4 C:\dev\bipDev\arm\gcc\arm-none-eabi\lib\thumb\v7e-m+fp\hard\libc.a(lib_a-utoa.o)
 .data          0x00000000        0x0 ..\libbip\libbip.a(import.o)
 .bss           0x00000000        0x0 ..\libbip\libbip.a(import.o)
 .text.intro    0x00000000        0x9 ..\libbip\libbip.a(import.o)
 .text.text_out
                0x00000000        0xc ..\libbip\libbip.a(import.o)
 .text.text_width
                0x00000000        0xc ..\libbip\libbip.a(import.o)
 .text.get_text_height
                0x00000000        0xc ..\libbip\libbip.a(import.o)
 .text.get_last_text_pos_x
                0x00000000        0xc ..\libbip\libbip.a(import.o)
 .text.draw_horizontal_line
                0x00000000        0xc ..\libbip\libbip.a(import.o)
 .text.draw_vertical_line
                0x00000000        0xc ..\libbip\libbip.a(import.o)
 .text.draw_filled_rect
                0x00000000        0xc ..\libbip\libbip.a(import.o)
 .text.show_res_by_id
                0x00000000        0xc ..\libbip\libbip.a(import.o)
 .text.set_graph_callback_to_ram_1
                0x00000000        0xc ..\libbip\libbip.a(import.o)
 .text.draw_rect_or_line
                0x00000000        0xc ..\libbip\libbip.a(import.o)
 .text.repaint_screen
                0x00000000        0xc ..\libbip\libbip.a(import.o)
 .text.show_poweroff_message
                0x00000000        0xc ..\libbip\libbip.a(import.o)
 .text.show_options_menu_2nd_screen
                0x00000000        0xc ..\libbip\libbip.a(import.o)
 .text.show_menu_options
                0x00000000        0xc ..\libbip\libbip.a(import.o)
 .text.show_menu
                0x00000000        0xc ..\libbip\libbip.a(import.o)
 .text.show_options_menu_1st_screen
                0x00000000        0xc ..\libbip\libbip.a(import.o)
 .text.get_res_ret_language
                0x00000000        0xc ..\libbip\libbip.a(import.o)
 .text._sprintf
                0x00000000        0xc ..\libbip\libbip.a(import.o)
 .text._strlen  0x00000000        0xc ..\libbip\libbip.a(import.o)
 .text._strcmp  0x00000000        0xc ..\libbip\libbip.a(import.o)
 .text._strcpy  0x00000000        0xc ..\libbip\libbip.a(import.o)
 .text._strncmp
                0x00000000        0xc ..\libbip\libbip.a(import.o)
 .text._strncpy
                0x00000000        0xc ..\libbip\libbip.a(import.o)
 .text._memset  0x00000000        0xc ..\libbip\libbip.a(import.o)
 .text._memcpy  0x00000000        0xc ..\libbip\libbip.a(import.o)
 .text._memcmp  0x00000000        0xc ..\libbip\libbip.a(import.o)
 .text.get_tick_count
                0x00000000        0xc ..\libbip\libbip.a(import.o)
 .text.set_update_period
                0x00000000        0xc ..\libbip\libbip.a(import.o)
 .text.set_close_timer
                0x00000000        0xc ..\libbip\libbip.a(import.o)
 .text.log_printf
                0x00000000        0xc ..\libbip\libbip.a(import.o)
 .text.vibrate  0x00000000        0xc ..\libbip\libbip.a(import.o)
 .text._pvPortMalloc
                0x00000000        0xc ..\libbip\libbip.a(import.o)
 .text.vPortFree
                0x00000000        0xc ..\libbip\libbip.a(import.o)
 .text.show_menu_touch_test
                0x00000000        0xc ..\libbip\libbip.a(import.o)
 .text.show_main_menu_item
                0x00000000        0xc ..\libbip\libbip.a(import.o)
 .text.show_menu_alipay
                0x00000000        0xc ..\libbip\libbip.a(import.o)
 .text.keypress_menu_alipay_1st_screen
                0x00000000        0xc ..\libbip\libbip.a(import.o)
 .text.dispatch_left_side_menu
                0x00000000        0xc ..\libbip\libbip.a(import.o)
 .text.get_left_side_menu_active
                0x00000000        0xc ..\libbip\libbip.a(import.o)
 .text.get_current_date_time
                0x00000000        0xc ..\libbip\libbip.a(import.o)
 .text.show_big_digit
                0x00000000        0xc ..\libbip\libbip.a(import.o)
 .text.vTaskDelay
                0x00000000        0xc ..\libbip\libbip.a(import.o)
 .text.show_alarm_set_screen
                0x00000000        0xc ..\libbip\libbip.a(import.o)
 .text.dispatch_alarm_set
                0x00000000        0xc ..\libbip\libbip.a(import.o)
 .text.store_and_enable_alarm
                0x00000000        0xc ..\libbip\libbip.a(import.o)
 .text.read_flash
                0x00000000        0xc ..\libbip\libbip.a(import.o)
 .text.write_flash
                0x00000000        0xc ..\libbip\libbip.a(import.o)
 .text.get_generic_data
                0x00000000        0xc ..\libbip\libbip.a(import.o)
 .text.set_generic_data
                0x00000000        0xc ..\libbip\libbip.a(import.o)
 .text.get_backlight_value
                0x00000000        0xc ..\libbip\libbip.a(import.o)
 .text.set_backlight_percent
                0x00000000        0xc ..\libbip\libbip.a(import.o)
 .text.set_backlight_state
                0x00000000        0xc ..\libbip\libbip.a(import.o)
 .text._rand    0x00000000        0xc ..\libbip\libbip.a(import.o)
 .text._srand   0x00000000        0xc ..\libbip\libbip.a(import.o)
 .text.send_host_app_data
                0x00000000        0xc ..\libbip\libbip.a(import.o)
 .text.check_app_state
                0x00000000        0xc ..\libbip\libbip.a(import.o)
 .text.stm32_soft_reset
                0x00000000        0xc ..\libbip\libbip.a(import.o)
 .text.iwdg_reboot
                0x00000000        0xc ..\libbip\libbip.a(import.o)
 .text.get_last_heartrate
                0x00000000        0xc ..\libbip\libbip.a(import.o)
 .text.set_hrm_mode
                0x00000000        0xc ..\libbip\libbip.a(import.o)
 .text.get_hrm_struct
                0x00000000        0xc ..\libbip\libbip.a(import.o)
 .text.get_res_string_by_id
                0x00000000        0xc ..\libbip\libbip.a(import.o)
 .text.set_left_side_menu_active
                0x00000000        0xc ..\libbip\libbip.a(import.o)
 .text.is_gps_fixed
                0x00000000        0xc ..\libbip\libbip.a(import.o)
 .text.switch_gps_pressure_sensors
                0x00000000        0xc ..\libbip\libbip.a(import.o)
 .text.get_navi_data
                0x00000000        0xc ..\libbip\libbip.a(import.o)
 .text.add_notification
                0x00000000        0xc ..\libbip\libbip.a(import.o)
 .text.create_and_show_notification
                0x00000000        0xc ..\libbip\libbip.a(import.o)
 .text.get_current_timestamp
                0x00000000        0xc ..\libbip\libbip.a(import.o)
 .text.get_selected_locale
                0x00000000        0xc ..\libbip\libbip.a(import.o)
 .text.get_stored_lang
                0x00000000        0xc ..\libbip\libbip.a(import.o)
 .text.store_selected_lang
                0x00000000        0xc ..\libbip\libbip.a(import.o)
 .text.get_system_locale
                0x00000000        0xc ..\libbip\libbip.a(import.o)
 .text.draw_progressbar
                0x00000000        0xc ..\libbip\libbip.a(import.o)
 .text.dump_mem
                0x00000000        0xc ..\libbip\libbip.a(import.o)
 .text.get_res_count
                0x00000000        0xc ..\libbip\libbip.a(import.o)
 .text.read_res_by_id
                0x00000000        0xc ..\libbip\libbip.a(import.o)
 .text.add_menu_item
                0x00000000        0xc ..\libbip\libbip.a(import.o)
 .text.clear_menu
                0x00000000        0xc ..\libbip\libbip.a(import.o)
 .text.draw_menu
                0x00000000        0xc ..\libbip\libbip.a(import.o)
 .text.dispatch_menu
                0x00000000        0xc ..\libbip\libbip.a(import.o)
 .text.push_ret_f
                0x00000000        0xc ..\libbip\libbip.a(import.o)
 .text.pop_ret_f
                0x00000000        0xc ..\libbip\libbip.a(import.o)
 .text.get_fw_version
                0x00000000        0xc ..\libbip\libbip.a(import.o)
 .text.load_elf_by_index
                0x00000000        0xc ..\libbip\libbip.a(import.o)
 .text.load_elf_by_name
                0x00000000        0xc ..\libbip\libbip.a(import.o)
 .text.init_elf_loader
                0x00000000        0xc ..\libbip\libbip.a(import.o)
 .text.elf_finish
                0x00000000        0xc ..\libbip\libbip.a(import.o)
 .text.ElfReadSettings
                0x00000000        0xc ..\libbip\libbip.a(import.o)
 .text.ElfWriteSettings
                0x00000000        0xc ..\libbip\libbip.a(import.o)
 .text.ElfGetSettingsSize
                0x00000000        0xc ..\libbip\libbip.a(import.o)
 .text.show_elf_res_by_id
                0x00000000        0xc ..\libbip\libbip.a(import.o)
 .text.get_res_params
                0x00000000        0xc ..\libbip\libbip.a(import.o)
 .text.get_proc_by_addr
                0x00000000        0xc ..\libbip\libbip.a(import.o)
 .text.read_elf_res_by_id
                0x00000000        0xc ..\libbip\libbip.a(import.o)
 .text.get_var_current_screen
                0x00000000        0xc ..\libbip\libbip.a(import.o)
 .text.set_var_current_screen
                0x00000000        0xc ..\libbip\libbip.a(import.o)
 .text.get_var_swipe_screen_active_number
                0x00000000        0xc ..\libbip\libbip.a(import.o)
 .text.set_var_swipe_screen_active_number
                0x00000000        0xc ..\libbip\libbip.a(import.o)
 .text.set_var_menu_overlay
                0x00000000        0xc ..\libbip\libbip.a(import.o)
 .text.get_ptr_menu_dispatch_func
                0x00000000        0xc ..\libbip\libbip.a(import.o)
 .text.set_ptr_menu_dispatch_func
                0x00000000        0xc ..\libbip\libbip.a(import.o)
 .text.get_ptr_key_press_func
                0x00000000        0xc ..\libbip\libbip.a(import.o)
 .text.set_ptr_key_press_func
                0x00000000        0xc ..\libbip\libbip.a(import.o)
 .text.get_ptr_screen_job_func
                0x00000000        0xc ..\libbip\libbip.a(import.o)
 .text.set_ptr_screen_job_func
                0x00000000        0xc ..\libbip\libbip.a(import.o)
 .text.get_ptr_temp_buf_1
                0x00000000        0xc ..\libbip\libbip.a(import.o)
 .text.get_ptr_show_menu_func
                0x00000000        0xc ..\libbip\libbip.a(import.o)
 .text.set_ptr_show_menu_func
                0x00000000        0xc ..\libbip\libbip.a(import.o)
 .text.get_ptr_long_key_press_func
                0x00000000        0xc ..\libbip\libbip.a(import.o)
 .text.set_ptr_long_key_press_func
                0x00000000        0xc ..\libbip\libbip.a(import.o)
 .text.get_var_left_side_menu_active
                0x00000000        0xc ..\libbip\libbip.a(import.o)
 .text.get_var_free_ram
                0x00000000        0xc ..\libbip\libbip.a(import.o)
 .text.get_ptr_screen_memory
                0x00000000        0xc ..\libbip\libbip.a(import.o)
 .text.get_ptr_free_list
                0x00000000        0xc ..\libbip\libbip.a(import.o)
 .text.outro    0x00000000        0xe ..\libbip\libbip.a(import.o)

Memory Configuration

Name             Origin             Length             Attributes
*default*        0x00000000         0xffffffff

Linker script and memory map

LOAD app.o
LOAD biptask.o
LOAD C:\dev\bipDev\arm\gcc\arm-none-eabi\lib\thumb\v7e-m+fp\hard\libm.a
LOAD C:\dev\bipDev\arm\gcc\arm-none-eabi\lib\thumb\v7e-m+fp\hard\libc.a
LOAD ..\libbip\libbip.a
                [!provide]                PROVIDE (__executable_start = SEGMENT_START ("text-segment", 0x8000))
                0x00008000                . = SEGMENT_START ("text-segment", 0x8000)

.interp         0x00008000       0x11
 *(.interp)
 .interp        0x00008000       0x11 app.o

.note.gnu.build-id
 *(.note.gnu.build-id)

.hash           0x00008014       0x18
 *(.hash)
 .hash          0x00008014       0x18 app.o

.gnu.hash
 *(.gnu.hash)

.dynsym         0x0000802c       0x30
 *(.dynsym)
 .dynsym        0x0000802c       0x30 app.o

.dynstr         0x0000805c        0x1
 *(.dynstr)
 .dynstr        0x0000805c        0x1 app.o

.gnu.version    0x0000805e        0x0
 *(.gnu.version)
 .gnu.version   0x0000805e        0x0 app.o

.gnu.version_d  0x00008060        0x0
 *(.gnu.version_d)
 .gnu.version_d
                0x00008060        0x0 app.o

.gnu.version_r  0x00008060        0x0
 *(.gnu.version_r)
 .gnu.version_r
                0x00008060        0x0 app.o

.rel.init
 *(.rel.init)

.rela.init
 *(.rela.init)

.rel.text       0x00008060       0x10
 *(.rel.text .rel.text.* .rel.gnu.linkonce.t.*)
 .rel.text.__utoa
                0x00008060        0x8 app.o
 .rel.text      0x00008068        0x8 app.o

.rela.text
 *(.rela.text .rela.text.* .rela.gnu.linkonce.t.*)

.rel.fini
 *(.rel.fini)

.rela.fini
 *(.rela.fini)

.rel.rodata
 *(.rel.rodata .rel.rodata.* .rel.gnu.linkonce.r.*)

.rela.rodata
 *(.rela.rodata .rela.rodata.* .rela.gnu.linkonce.r.*)

.rel.data.rel.ro
                0x00008070        0x0
 *(.rel.data.rel.ro .rel.data.rel.ro.* .rel.gnu.linkonce.d.rel.ro.*)
 .rel.data.rel.ro
                0x00008070        0x0 app.o

.rela.data.rel.ro
 *(.rela.data.rel.ro .rela.data.rel.ro.* .rela.gnu.linkonce.d.rel.ro.*)

.rel.data       0x00008070       0x18
 *(.rel.data .rel.data.* .rel.gnu.linkonce.d.*)
 .rel.data.rel.screen_data
                0x00008070       0x18 app.o

.rela.data
 *(.rela.data .rela.data.* .rela.gnu.linkonce.d.*)

.rel.tdata
 *(.rel.tdata .rel.tdata.* .rel.gnu.linkonce.td.*)

.rela.tdata
 *(.rela.tdata .rela.tdata.* .rela.gnu.linkonce.td.*)

.rel.tbss
 *(.rel.tbss .rel.tbss.* .rel.gnu.linkonce.tb.*)

.rela.tbss
 *(.rela.tbss .rela.tbss.* .rela.gnu.linkonce.tb.*)

.rel.ctors
 *(.rel.ctors)

.rela.ctors
 *(.rela.ctors)

.rel.dtors
 *(.rel.dtors)

.rela.dtors
 *(.rela.dtors)

.rel.got        0x00008088       0x28
 *(.rel.got)
 .rel.got       0x00008088       0x28 app.o

.rela.got
 *(.rela.got)

.rel.bss        0x000080b0        0x0
 *(.rel.bss .rel.bss.* .rel.gnu.linkonce.b.*)
 .rel.bss       0x000080b0        0x0 app.o

.rela.bss
 *(.rela.bss .rela.bss.* .rela.gnu.linkonce.b.*)

.rel.iplt       0x000080b0        0x0
                [!provide]                PROVIDE (__rel_iplt_start = .)
 *(.rel.iplt)
 .rel.iplt      0x000080b0        0x0 app.o
                [!provide]                PROVIDE (__rel_iplt_end = .)

.rela.iplt      0x000080b0        0x0
                [!provide]                PROVIDE (__rela_iplt_start = .)
 *(.rela.iplt)
                [!provide]                PROVIDE (__rela_iplt_end = .)

.rel.plt        0x000080b0        0x0
 *(.rel.plt)
 .rel.plt       0x000080b0        0x0 app.o

.rela.plt
 *(.rela.plt)

.init
 *(SORT_NONE(.init))

.plt            0x000080b0        0x0
 *(.plt)
 .plt           0x000080b0        0x0 app.o

.iplt           0x000080b0        0x0
 *(.iplt)
 .iplt          0x000080b0        0x0 app.o

.text           0x000080b0      0x6bc
 *(.text.unlikely .text.*_unlikely .text.unlikely.*)
 *(.text.exit .text.exit.*)
 *(.text.startup .text.startup.*)
 .text.startup.main
                0x000080b0        0xa app.o
                0x000080b0                main
 *(.text.hot .text.hot.*)
 *(.text .stub .text.* .gnu.linkonce.t.*)
 *fill*         0x000080ba        0x2 
 .text.key_press_screen
                0x000080bc       0x44 app.o
                0x000080bc                key_press_screen
 .text.draw_buttons_screen
                0x00008100      0x1d4 app.o
                0x00008100                draw_buttons_screen
 .text.show_screen
                0x000082d4       0x78 app.o
                0x000082d4                show_screen
 .text.handle_click
                0x0000834c      0x128 app.o
                0x0000834c                handle_click
 .text.dispatch_screen
                0x00008474       0xec app.o
                0x00008474                dispatch_screen
 .text.biptask_send_bytes
                0x00008560       0x6a biptask.o
                0x00008560                biptask_send_bytes
 *fill*         0x000085ca        0x2 
 .text.__itoa   0x000085cc       0x38 C:\dev\bipDev\arm\gcc\arm-none-eabi\lib\thumb\v7e-m+fp\hard\libc.a(lib_a-itoa.o)
                0x000085cc                __itoa
 .text.itoa     0x00008604        0x4 C:\dev\bipDev\arm\gcc\arm-none-eabi\lib\thumb\v7e-m+fp\hard\libc.a(lib_a-itoa.o)
                0x00008604                itoa
 .text.__utoa   0x00008608       0x8c C:\dev\bipDev\arm\gcc\arm-none-eabi\lib\thumb\v7e-m+fp\hard\libc.a(lib_a-utoa.o)
                0x00008608                __utoa
 .text          0x00008694        0xc ..\libbip\libbip.a(import.o)
                0x00008694                _start
 .text.text_out_center
                0x000086a0        0xc ..\libbip\libbip.a(import.o)
                0x000086a0                text_out_center
 .text.set_bg_color
                0x000086ac        0xc ..\libbip\libbip.a(import.o)
                0x000086ac                set_bg_color
 .text.set_fg_color
                0x000086b8        0xc ..\libbip\libbip.a(import.o)
                0x000086b8                set_fg_color
 .text.draw_rect
                0x000086c4        0xc ..\libbip\libbip.a(import.o)
                0x000086c4                draw_rect
 .text.fill_screen_bg
                0x000086d0        0xc ..\libbip\libbip.a(import.o)
                0x000086d0                fill_screen_bg
 .text.draw_filled_rect_bg
                0x000086dc        0xc ..\libbip\libbip.a(import.o)
                0x000086dc                draw_filled_rect_bg
 .text.repaint_screen_lines
                0x000086e8        0xc ..\libbip\libbip.a(import.o)
                0x000086e8                repaint_screen_lines
 .text.reg_menu
                0x000086f4        0xc ..\libbip\libbip.a(import.o)
                0x000086f4                reg_menu
 .text.show_menu_animate
                0x00008700        0xc ..\libbip\libbip.a(import.o)
                0x00008700                show_menu_animate
 .text.load_font
                0x0000870c        0xc ..\libbip\libbip.a(import.o)
                0x0000870c                load_font
 .text._memclr  0x00008718        0xc ..\libbip\libbip.a(import.o)
                0x00008718                _memclr
 .text.set_display_state_value
                0x00008724        0xc ..\libbip\libbip.a(import.o)
                0x00008724                set_display_state_value
 .text.show_watchface
                0x00008730        0xc ..\libbip\libbip.a(import.o)
                0x00008730                show_watchface
 .text.send_host_app_msg
                0x0000873c        0xc ..\libbip\libbip.a(import.o)
                0x0000873c                send_host_app_msg
 .text.pvPortMalloc
                0x00008748        0xc ..\libbip\libbip.a(import.o)
                0x00008748                pvPortMalloc
 .text.get_var_menu_overlay
                0x00008754        0xc ..\libbip\libbip.a(import.o)
                0x00008754                get_var_menu_overlay
 .text.get_ptr_temp_buf_2
                0x00008760        0xc ..\libbip\libbip.a(import.o)
                0x00008760                get_ptr_temp_buf_2
 *(.gnu.warning)
 *(.glue_7t)
 .glue_7t       0x0000876c        0x0 linker stubs
 *(.glue_7)
 .glue_7        0x0000876c        0x0 linker stubs
 *(.vfp11_veneer)
 .vfp11_veneer  0x0000876c        0x0 linker stubs
 *(.v4_bx)
 .v4_bx         0x0000876c        0x0 linker stubs

.fini
 *(SORT_NONE(.fini))
                [!provide]                PROVIDE (__etext = .)
                [!provide]                PROVIDE (_etext = .)
                [!provide]                PROVIDE (etext = .)

.rodata         0x0000876c       0x50
 *(.rodata .rodata.* .gnu.linkonce.r.*)
 .rodata.draw_buttons_screen.str1.1
                0x0000876c       0x25 app.o
 *fill*         0x00008791        0x3 
 .rodata.__utoa.str1.4
                0x00008794       0x28 C:\dev\bipDev\arm\gcc\arm-none-eabi\lib\thumb\v7e-m+fp\hard\libc.a(lib_a-utoa.o)
                                 0x25 (size before relaxing)

.rodata1
 *(.rodata1)

.ARM.extab
 *(.ARM.extab* .gnu.linkonce.armextab.*)
                [!provide]                PROVIDE (__exidx_start = .)

.ARM.exidx
 *(.ARM.exidx* .gnu.linkonce.armexidx.*)
                [!provide]                PROVIDE (__exidx_end = .)

.eh_frame_hdr
 *(.eh_frame_hdr)
 *(.eh_frame_entry .eh_frame_entry.*)

.eh_frame
 *(.eh_frame)
 *(.eh_frame.*)

.gcc_except_table
 *(.gcc_except_table .gcc_except_table.*)

.gnu_extab
 *(.gnu_extab*)

.exception_ranges
 *(.exception_ranges*)
                0x000087bc                . = .

.eh_frame
 *(.eh_frame)
 *(.eh_frame.*)

.gnu_extab
 *(.gnu_extab)

.gcc_except_table
 *(.gcc_except_table .gcc_except_table.*)

.exception_ranges
 *(.exception_ranges*)

.tdata          0x000087bc        0x0
                [!provide]                PROVIDE (__tdata_start = .)
 *(.tdata .tdata.* .gnu.linkonce.td.*)

.tbss
 *(.tbss .tbss.* .gnu.linkonce.tb.*)
 *(.tcommon)

.preinit_array  0x000087bc        0x0
                [!provide]                PROVIDE (__preinit_array_start = .)
 *(.preinit_array)
                [!provide]                PROVIDE (__preinit_array_end = .)

.init_array     0x000087bc        0x0
                [!provide]                PROVIDE (__init_array_start = .)
 *(SORT_BY_INIT_PRIORITY(.init_array.*) SORT_BY_INIT_PRIORITY(.ctors.*))
 *(.init_array EXCLUDE_FILE(*crtend?.o *crtend.o *crtbegin?.o *crtbegin.o) .ctors)
                [!provide]                PROVIDE (__init_array_end = .)

.fini_array     0x000087bc        0x0
                [!provide]                PROVIDE (__fini_array_start = .)
 *(SORT_BY_INIT_PRIORITY(.fini_array.*) SORT_BY_INIT_PRIORITY(.dtors.*))
 *(.fini_array EXCLUDE_FILE(*crtend?.o *crtend.o *crtbegin?.o *crtbegin.o) .dtors)
                [!provide]                PROVIDE (__fini_array_end = .)

.ctors
 *crtbegin.o(.ctors)
 *crtbegin?.o(.ctors)
 *(EXCLUDE_FILE(*crtend?.o *crtend.o) .ctors)
 *(SORT_BY_NAME(.ctors.*))
 *(.ctors)

.dtors
 *crtbegin.o(.dtors)
 *crtbegin?.o(.dtors)
 *(EXCLUDE_FILE(*crtend?.o *crtend.o) .dtors)
 *(SORT_BY_NAME(.dtors.*))
 *(.dtors)

.jcr
 *(.jcr)

.data.rel.ro    0x000087bc        0x0
 *(.data.rel.ro.local* .gnu.linkonce.d.rel.ro.local.*)
 *(.data.rel.ro .data.rel.ro.* .gnu.linkonce.d.rel.ro.*)
 .data.rel.ro   0x000087bc        0x0 app.o

.dynamic        0x000087bc       0x80
 *(.dynamic)
 .dynamic       0x000087bc       0x80 app.o
                0x000087bc                _DYNAMIC

.got            0x0000883c       0x20
 *(.got.plt)
 .got.plt       0x0000883c        0xc app.o
                0x0000883c                _GLOBAL_OFFSET_TABLE_
 *(.igot.plt)
 .igot.plt      0x00008848        0x0 app.o
 *(.got)
 .got           0x00008848       0x14 app.o
 *(.igot)

.data           0x0000885c       0x24
                0x0000885c                __data_start = .
 *(.data .data.* .gnu.linkonce.d.*)
 .data.app_id   0x0000885c        0x3 app.o
                0x0000885c                app_id
 *fill*         0x0000885f        0x1 
 .data.rel.screen_data
                0x00008860       0x20 app.o
                0x00008860                screen_data

.data1
 *(.data1)
                0x00008880                _edata = .
                [!provide]                PROVIDE (edata = .)
                0x00008880                . = .
                0x00008880                __bss_start = .
                0x00008880                __bss_start__ = .

.bss            0x00008880        0x0
 *(.dynbss)
 .dynbss        0x00008880        0x0 app.o
 *(.bss .bss.* .gnu.linkonce.b.*)
 *(COMMON)
                0x00008880                . = ALIGN ((. != 0x0)?0x4:0x1)
                0x00008880                _bss_end__ = .
                0x00008880                __bss_end__ = .
                0x00008880                . = ALIGN (0x4)
                0x00008880                . = SEGMENT_START ("ldata-segment", .)
                0x00008880                . = ALIGN (0x4)
                0x00008880                __end__ = .
                0x00008880                _end = .
                [!provide]                PROVIDE (end = .)

.stack          0x00080000        0x0
                0x00080000                _stack = .
 *(.stack)

.stab
 *(.stab)

.stabstr
 *(.stabstr)

.stab.excl
 *(.stab.excl)

.stab.exclstr
 *(.stab.exclstr)

.stab.index
 *(.stab.index)

.stab.indexstr
 *(.stab.indexstr)

.comment        0x00000000       0x76
 *(.comment)
 .comment       0x00000000       0x76 app.o
                                 0x77 (size before relaxing)
 .comment       0x00000076       0x77 biptask.o

.gnu.build.attributes
 *(.gnu.build.attributes .gnu.build.attributes.*)

.debug
 *(.debug)

.line
 *(.line)

.debug_srcinfo
 *(.debug_srcinfo)

.debug_sfnames
 *(.debug_sfnames)

.debug_aranges
 *(.debug_aranges)

.debug_pubnames
 *(.debug_pubnames)

.debug_info
 *(.debug_info .gnu.linkonce.wi.*)

.debug_abbrev
 *(.debug_abbrev)

.debug_line
 *(.debug_line .debug_line.* .debug_line_end)

.debug_frame    0x00000000       0x94
 *(.debug_frame)
 .debug_frame   0x00000000       0x3c C:\dev\bipDev\arm\gcc\arm-none-eabi\lib\thumb\v7e-m+fp\hard\libc.a(lib_a-itoa.o)
 .debug_frame   0x0000003c       0x58 C:\dev\bipDev\arm\gcc\arm-none-eabi\lib\thumb\v7e-m+fp\hard\libc.a(lib_a-utoa.o)

.debug_str
 *(.debug_str)

.debug_loc
 *(.debug_loc)

.debug_macinfo
 *(.debug_macinfo)

.debug_weaknames
 *(.debug_weaknames)

.debug_funcnames
 *(.debug_funcnames)

.debug_typenames
 *(.debug_typenames)

.debug_varnames
 *(.debug_varnames)

.debug_pubtypes
 *(.debug_pubtypes)

.debug_ranges
 *(.debug_ranges)

.debug_macro
 *(.debug_macro)

.debug_addr
 *(.debug_addr)

.ARM.attributes
                0x00000000       0x32
 *(.ARM.attributes)
 .ARM.attributes
                0x00000000       0x34 app.o
 .ARM.attributes
                0x00000034       0x34 biptask.o
 .ARM.attributes
                0x00000068       0x34 C:\dev\bipDev\arm\gcc\arm-none-eabi\lib\thumb\v7e-m+fp\hard\libc.a(lib_a-itoa.o)
 .ARM.attributes
                0x0000009c       0x34 C:\dev\bipDev\arm\gcc\arm-none-eabi\lib\thumb\v7e-m+fp\hard\libc.a(lib_a-utoa.o)
 .ARM.attributes
                0x000000d0       0x21 ..\libbip\libbip.a(import.o)
 *(.gnu.attributes)

.note.gnu.arm.ident
 *(.note.gnu.arm.ident)

/DISCARD/
 *(.note.GNU-stack)
 *(.gnu_debuglink)
 *(.gnu.lto_*)
OUTPUT(BipTask.elf elf32-littlearm)

Cross Reference Table

Symbol                                            File
ElfGetSettingsSize                                ..\libbip\libbip.a(import.o)
ElfReadSettings                                   ..\libbip\libbip.a(import.o)
ElfWriteSettings                                  ..\libbip\libbip.a(import.o)
_DYNAMIC                                          app.o
_GLOBAL_OFFSET_TABLE_                             app.o
__itoa                                            C:\dev\bipDev\arm\gcc\arm-none-eabi\lib\thumb\v7e-m+fp\hard\libc.a(lib_a-itoa.o)
__utoa                                            C:\dev\bipDev\arm\gcc\arm-none-eabi\lib\thumb\v7e-m+fp\hard\libc.a(lib_a-utoa.o)
                                                  C:\dev\bipDev\arm\gcc\arm-none-eabi\lib\thumb\v7e-m+fp\hard\libc.a(lib_a-itoa.o)
_memclr                                           ..\libbip\libbip.a(import.o)
                                                  app.o
_memcmp                                           ..\libbip\libbip.a(import.o)
_memcpy                                           ..\libbip\libbip.a(import.o)
_memset                                           ..\libbip\libbip.a(import.o)
_pvPortMalloc                                     ..\libbip\libbip.a(import.o)
_rand                                             ..\libbip\libbip.a(import.o)
_sprintf                                          ..\libbip\libbip.a(import.o)
_srand                                            ..\libbip\libbip.a(import.o)
_start                                            ..\libbip\libbip.a(import.o)
_strcmp                                           ..\libbip\libbip.a(import.o)
_strcpy                                           ..\libbip\libbip.a(import.o)
_strlen                                           ..\libbip\libbip.a(import.o)
_strncmp                                          ..\libbip\libbip.a(import.o)
_strncpy                                          ..\libbip\libbip.a(import.o)
add_menu_item                                     ..\libbip\libbip.a(import.o)
add_notification                                  ..\libbip\libbip.a(import.o)
app_id                                            app.o
biptask_send_byte                                 biptask.o
biptask_send_bytes                                biptask.o
                                                  app.o
check_app_state                                   ..\libbip\libbip.a(import.o)
clear_menu                                        ..\libbip\libbip.a(import.o)
create_and_show_notification                      ..\libbip\libbip.a(import.o)
dispatch_alarm_set                                ..\libbip\libbip.a(import.o)
dispatch_left_side_menu                           ..\libbip\libbip.a(import.o)
dispatch_menu                                     ..\libbip\libbip.a(import.o)
dispatch_screen                                   app.o
draw_buttons_screen                               app.o
draw_filled_rect                                  ..\libbip\libbip.a(import.o)
draw_filled_rect_bg                               ..\libbip\libbip.a(import.o)
                                                  app.o
draw_horizontal_line                              ..\libbip\libbip.a(import.o)
draw_menu                                         ..\libbip\libbip.a(import.o)
draw_progressbar                                  ..\libbip\libbip.a(import.o)
draw_rect                                         ..\libbip\libbip.a(import.o)
                                                  app.o
draw_rect_or_line                                 ..\libbip\libbip.a(import.o)
draw_vertical_line                                ..\libbip\libbip.a(import.o)
dump_mem                                          ..\libbip\libbip.a(import.o)
elf_finish                                        ..\libbip\libbip.a(import.o)
fill_screen_bg                                    ..\libbip\libbip.a(import.o)
                                                  app.o
get_backlight_value                               ..\libbip\libbip.a(import.o)
get_current_date_time                             ..\libbip\libbip.a(import.o)
get_current_timestamp                             ..\libbip\libbip.a(import.o)
get_fw_version                                    ..\libbip\libbip.a(import.o)
get_generic_data                                  ..\libbip\libbip.a(import.o)
get_hrm_struct                                    ..\libbip\libbip.a(import.o)
get_last_heartrate                                ..\libbip\libbip.a(import.o)
get_last_text_pos_x                               ..\libbip\libbip.a(import.o)
get_left_side_menu_active                         ..\libbip\libbip.a(import.o)
get_navi_data                                     ..\libbip\libbip.a(import.o)
get_proc_by_addr                                  ..\libbip\libbip.a(import.o)
get_ptr_free_list                                 ..\libbip\libbip.a(import.o)
get_ptr_key_press_func                            ..\libbip\libbip.a(import.o)
get_ptr_long_key_press_func                       ..\libbip\libbip.a(import.o)
get_ptr_menu_dispatch_func                        ..\libbip\libbip.a(import.o)
get_ptr_screen_job_func                           ..\libbip\libbip.a(import.o)
get_ptr_screen_memory                             ..\libbip\libbip.a(import.o)
get_ptr_show_menu_func                            ..\libbip\libbip.a(import.o)
get_ptr_temp_buf_1                                ..\libbip\libbip.a(import.o)
get_ptr_temp_buf_2                                ..\libbip\libbip.a(import.o)
                                                  app.o
get_res_count                                     ..\libbip\libbip.a(import.o)
get_res_params                                    ..\libbip\libbip.a(import.o)
get_res_ret_language                              ..\libbip\libbip.a(import.o)
get_res_string_by_id                              ..\libbip\libbip.a(import.o)
get_selected_locale                               ..\libbip\libbip.a(import.o)
get_stored_lang                                   ..\libbip\libbip.a(import.o)
get_system_locale                                 ..\libbip\libbip.a(import.o)
get_text_height                                   ..\libbip\libbip.a(import.o)
get_tick_count                                    ..\libbip\libbip.a(import.o)
get_var_current_screen                            ..\libbip\libbip.a(import.o)
get_var_free_ram                                  ..\libbip\libbip.a(import.o)
get_var_left_side_menu_active                     ..\libbip\libbip.a(import.o)
get_var_menu_overlay                              ..\libbip\libbip.a(import.o)
                                                  app.o
get_var_swipe_screen_active_number                ..\libbip\libbip.a(import.o)
handle_click                                      app.o
init_elf_loader                                   ..\libbip\libbip.a(import.o)
is_gps_fixed                                      ..\libbip\libbip.a(import.o)
itoa                                              C:\dev\bipDev\arm\gcc\arm-none-eabi\lib\thumb\v7e-m+fp\hard\libc.a(lib_a-itoa.o)
                                                  app.o
iwdg_reboot                                       ..\libbip\libbip.a(import.o)
key_press_screen                                  app.o
keypress_menu_alipay_1st_screen                   ..\libbip\libbip.a(import.o)
load_elf_by_index                                 ..\libbip\libbip.a(import.o)
load_elf_by_name                                  ..\libbip\libbip.a(import.o)
load_font                                         ..\libbip\libbip.a(import.o)
                                                  app.o
log_printf                                        ..\libbip\libbip.a(import.o)
main                                              app.o
                                                  ..\libbip\libbip.a(import.o)
pop_ret_f                                         ..\libbip\libbip.a(import.o)
push_ret_f                                        ..\libbip\libbip.a(import.o)
pvPortMalloc                                      ..\libbip\libbip.a(import.o)
                                                  app.o
read_elf_res_by_id                                ..\libbip\libbip.a(import.o)
read_flash                                        ..\libbip\libbip.a(import.o)
read_res_by_id                                    ..\libbip\libbip.a(import.o)
reg_menu                                          ..\libbip\libbip.a(import.o)
                                                  app.o
repaint_screen                                    ..\libbip\libbip.a(import.o)
repaint_screen_lines                              ..\libbip\libbip.a(import.o)
                                                  app.o
screen_data                                       app.o
send_host_app_data                                ..\libbip\libbip.a(import.o)
send_host_app_msg                                 ..\libbip\libbip.a(import.o)
                                                  biptask.o
set_backlight_percent                             ..\libbip\libbip.a(import.o)
set_backlight_state                               ..\libbip\libbip.a(import.o)
set_bg_color                                      ..\libbip\libbip.a(import.o)
                                                  app.o
set_close_timer                                   ..\libbip\libbip.a(import.o)
set_display_state_value                           ..\libbip\libbip.a(import.o)
                                                  app.o
set_fg_color                                      ..\libbip\libbip.a(import.o)
                                                  app.o
set_generic_data                                  ..\libbip\libbip.a(import.o)
set_graph_callback_to_ram_1                       ..\libbip\libbip.a(import.o)
set_hrm_mode                                      ..\libbip\libbip.a(import.o)
set_left_side_menu_active                         ..\libbip\libbip.a(import.o)
set_ptr_key_press_func                            ..\libbip\libbip.a(import.o)
set_ptr_long_key_press_func                       ..\libbip\libbip.a(import.o)
set_ptr_menu_dispatch_func                        ..\libbip\libbip.a(import.o)
set_ptr_screen_job_func                           ..\libbip\libbip.a(import.o)
set_ptr_show_menu_func                            ..\libbip\libbip.a(import.o)
set_update_period                                 ..\libbip\libbip.a(import.o)
set_var_current_screen                            ..\libbip\libbip.a(import.o)
set_var_menu_overlay                              ..\libbip\libbip.a(import.o)
set_var_swipe_screen_active_number                ..\libbip\libbip.a(import.o)
show_alarm_set_screen                             ..\libbip\libbip.a(import.o)
show_big_digit                                    ..\libbip\libbip.a(import.o)
show_elf_res_by_id                                ..\libbip\libbip.a(import.o)
show_main_menu_item                               ..\libbip\libbip.a(import.o)
show_menu                                         ..\libbip\libbip.a(import.o)
show_menu_alipay                                  ..\libbip\libbip.a(import.o)
show_menu_animate                                 ..\libbip\libbip.a(import.o)
                                                  app.o
show_menu_options                                 ..\libbip\libbip.a(import.o)
show_menu_touch_test                              ..\libbip\libbip.a(import.o)
show_options_menu_1st_screen                      ..\libbip\libbip.a(import.o)
show_options_menu_2nd_screen                      ..\libbip\libbip.a(import.o)
show_poweroff_message                             ..\libbip\libbip.a(import.o)
show_res_by_id                                    ..\libbip\libbip.a(import.o)
show_screen                                       app.o
show_watchface                                    ..\libbip\libbip.a(import.o)
                                                  app.o
stm32_soft_reset                                  ..\libbip\libbip.a(import.o)
store_and_enable_alarm                            ..\libbip\libbip.a(import.o)
store_selected_lang                               ..\libbip\libbip.a(import.o)
switch_gps_pressure_sensors                       ..\libbip\libbip.a(import.o)
text_out                                          ..\libbip\libbip.a(import.o)
text_out_center                                   ..\libbip\libbip.a(import.o)
                                                  app.o
text_width                                        ..\libbip\libbip.a(import.o)
utoa                                              C:\dev\bipDev\arm\gcc\arm-none-eabi\lib\thumb\v7e-m+fp\hard\libc.a(lib_a-utoa.o)
vPortFree                                         ..\libbip\libbip.a(import.o)
vTaskDelay                                        ..\libbip\libbip.a(import.o)
vibrate                                           ..\libbip\libbip.a(import.o)
write_flash                                       ..\libbip\libbip.a(import.o)
